[0m18:54:06.191269 [debug] [MainThread]: Sending event: {'category': 'dbt', 'action': 'invocation', 'label': 'start', 'context': [<snowplow_tracker.self_describing_json.SelfDescribingJson object at 0x1068e9010>, <snowplow_tracker.self_describing_json.SelfDescribingJson object at 0x107e9f9d0>, <snowplow_tracker.self_describing_json.SelfDescribingJson object at 0x107e9f890>]}


============================== 18:54:06.193581 | 4a57c5f9-92c1-4996-ae7e-6f5c57d7f30a ==============================
[0m18:54:06.193581 [info ] [MainThread]: Running with dbt=1.11.11
[0m18:54:06.193831 [debug] [MainThread]: running dbt with arguments {'partial_parse': 'True', 'printer_width': '80', 'send_anonymous_usage_stats': 'True', 'invocation_command': 'dbt init housing_platform', 'log_cache_events': 'False', 'cache_selected_only': 'False', 'version_check': 'True', 'debug': 'False', 'warn_error_options': 'WarnErrorOptionsV2(error=[], warn=[], silence=[])', 'write_json': 'True', 'profiles_dir': '/Users/alexsiu/.dbt', 'quiet': 'False', 'warn_error': 'None', 'log_format': 'default', 'no_print': 'None', 'introspect': 'True', 'use_colors': 'True', 'use_experimental_parser': 'False', 'log_path': 'logs', 'fail_fast': 'False', 'target_path': 'None', 'empty': 'None', 'static_parser': 'True', 'indirect_selection': 'eager'}
[0m18:54:06.203167 [debug] [MainThread]: Starter project path: /Library/Frameworks/Python.framework/Versions/3.13/lib/python3.13/site-packages/dbt/include/starter_project
[0m18:54:06.206256 [info ] [MainThread]: 
Your new dbt project "housing_platform" was created!

For more information on how to configure the profiles.yml file,
please consult the dbt documentation here:

  https://docs.getdbt.com/docs/configure-your-profile

One more thing:

Need help? Don't hesitate to reach out to us via GitHub issues or on Slack:

  https://community.getdbt.com/

Happy modeling!

[0m18:54:06.206490 [info ] [MainThread]: Setting up your profile.
[0m18:55:02.183908 [debug] [MainThread]: Snowflake adapter: Setting snowflake.connector to ERROR (file logging only)
[0m18:55:02.184445 [debug] [MainThread]: Snowflake adapter: Setting botocore to ERROR (file logging only)
[0m18:55:02.184593 [debug] [MainThread]: Snowflake adapter: Setting boto3 to ERROR (file logging only)
[0m18:56:56.547765 [info ] [MainThread]: Profile housing_platform written to /Users/alexsiu/.dbt/profiles.yml using target's profile_template.yml and your supplied values. Run 'dbt debug' to validate the connection.
[0m18:56:56.557040 [debug] [MainThread]: Resource report: {"command_name": "init", "command_success": true, "command_wall_clock_time": 170.40208, "process_in_blocks": "0", "process_kernel_time": 0.234556, "process_mem_max_rss": "172015616", "process_out_blocks": "0", "process_user_time": 0.755548}
[0m18:56:56.564976 [debug] [MainThread]: Command `dbt init` succeeded at 18:56:56.564672 after 170.41 seconds
[0m18:56:56.565940 [debug] [MainThread]: Sending event: {'category': 'dbt', 'action': 'invocation', 'label': 'end', 'context': [<snowplow_tracker.self_describing_json.SelfDescribingJson object at 0x10f3dbe10>, <snowplow_tracker.self_describing_json.SelfDescribingJson object at 0x107c3a8d0>, <snowplow_tracker.self_describing_json.SelfDescribingJson object at 0x10f470d10>]}
[0m18:56:56.566536 [debug] [MainThread]: Flushing usage events
[0m18:56:56.812756 [debug] [MainThread]: An error was encountered while trying to flush usage events
